
> logistics-platform-backend@1.0.0 build
> tsc -p tsconfig.json

src/lib/googleMaps.ts(1,1): error TS6133: 'env' is declared but its value is never read.
src/lib/googleMaps.ts(37,9): error TS18046: 'data' is of type 'unknown'.
src/lib/googleMaps.ts(38,30): error TS18046: 'data' is of type 'unknown'.
src/lib/googleMaps.ts(38,57): error TS18046: 'data' is of type 'unknown'.
src/lib/googleMaps.ts(42,21): error TS18046: 'data' is of type 'unknown'.
src/modules/assignment/assignment.repository.ts(42,5): error TS2322: Type '{ status: OrderStatus; id: string; orderNumber: string; pickupArea: { id: string; zone: { code: string; name: string; id: string; }; latitude: Decimal | null; longitude: Decimal | null; } | null; } | null' is not assignable to type 'OrderForAssignment | null'.
  Type '{ status: OrderStatus; id: string; orderNumber: string; pickupArea: { id: string; zone: { code: string; name: string; id: string; }; latitude: Decimal | null; longitude: Decimal | null; } | null; }' is not assignable to type 'OrderForAssignment'.
    Types of property 'pickupArea' are incompatible.
      Type '{ id: string; zone: { code: string; name: string; id: string; }; latitude: Decimal | null; longitude: Decimal | null; } | null' is not assignable to type '{ id: string; latitude: Decimal | null; longitude: Decimal | null; zone: { id: string; name: string; code: string; }; }'.
        Type 'null' is not assignable to type '{ id: string; latitude: Decimal | null; longitude: Decimal | null; zone: { id: string; name: string; code: string; }; }'.
src/modules/order/order.service.ts(43,52): error TS2345: Argument of type '{ pickupAreaId: string | undefined; pickupPincode: string | undefined; dropAreaId: string | undefined; dropPincode: string | undefined; length: number; width: number; height: number; actualWeight: number; orderType: "B2B" | "B2C"; paymentType: "PREPAID" | "COD"; }' is not assignable to parameter of type 'CalculatePriceInput'.
  Type '{ pickupAreaId: string | undefined; pickupPincode: string | undefined; dropAreaId: string | undefined; dropPincode: string | undefined; length: number; width: number; height: number; actualWeight: number; orderType: "B2B" | "B2C"; paymentType: "PREPAID" | "COD"; }' is missing the following properties from type 'CalculatePriceInput': pickupLatitude, pickupLongitude, dropLatitude, dropLongitude
src/modules/pricing/pricing.service.test.ts(95,53): error TS2345: Argument of type '{ pickupAreaId: string; dropAreaId: string; length: number; width: number; height: number; actualWeight: number; orderType: "B2B"; paymentType: "PREPAID"; }' is not assignable to parameter of type 'CalculatePriceInput'.
  Type '{ pickupAreaId: string; dropAreaId: string; length: number; width: number; height: number; actualWeight: number; orderType: "B2B"; paymentType: "PREPAID"; }' is missing the following properties from type 'CalculatePriceInput': pickupLatitude, pickupLongitude, dropLatitude, dropLongitude
src/modules/pricing/pricing.service.test.ts(120,53): error TS2345: Argument of type '{ pickupAreaId: string; dropAreaId: string; length: number; width: number; height: number; actualWeight: number; orderType: "B2B"; paymentType: "PREPAID"; }' is not assignable to parameter of type 'CalculatePriceInput'.
  Type '{ pickupAreaId: string; dropAreaId: string; length: number; width: number; height: number; actualWeight: number; orderType: "B2B"; paymentType: "PREPAID"; }' is missing the following properties from type 'CalculatePriceInput': pickupLatitude, pickupLongitude, dropLatitude, dropLongitude
src/modules/pricing/pricing.service.test.ts(146,53): error TS2345: Argument of type '{ pickupAreaId: string; dropAreaId: string; length: number; width: number; height: number; actualWeight: number; orderType: "B2C"; paymentType: "PREPAID"; }' is not assignable to parameter of type 'CalculatePriceInput'.
  Type '{ pickupAreaId: string; dropAreaId: string; length: number; width: number; height: number; actualWeight: number; orderType: "B2C"; paymentType: "PREPAID"; }' is missing the following properties from type 'CalculatePriceInput': pickupLatitude, pickupLongitude, dropLatitude, dropLongitude
src/modules/pricing/pricing.service.test.ts(176,53): error TS2345: Argument of type '{ pickupAreaId: string; dropAreaId: string; length: number; width: number; height: number; actualWeight: number; orderType: "B2C"; paymentType: "PREPAID"; }' is not assignable to parameter of type 'CalculatePriceInput'.
  Type '{ pickupAreaId: string; dropAreaId: string; length: number; width: number; height: number; actualWeight: number; orderType: "B2C"; paymentType: "PREPAID"; }' is missing the following properties from type 'CalculatePriceInput': pickupLatitude, pickupLongitude, dropLatitude, dropLongitude
src/modules/pricing/pricing.service.test.ts(206,53): error TS2345: Argument of type '{ pickupAreaId: string; dropAreaId: string; length: number; width: number; height: number; actualWeight: number; orderType: "B2B"; paymentType: "COD"; }' is not assignable to parameter of type 'CalculatePriceInput'.
  Type '{ pickupAreaId: string; dropAreaId: string; length: number; width: number; height: number; actualWeight: number; orderType: "B2B"; paymentType: "COD"; }' is missing the following properties from type 'CalculatePriceInput': pickupLatitude, pickupLongitude, dropLatitude, dropLongitude
src/modules/pricing/pricing.service.test.ts(226,53): error TS2345: Argument of type '{ pickupAreaId: string; dropAreaId: string; length: number; width: number; height: number; actualWeight: number; orderType: "B2C"; paymentType: "COD"; }' is not assignable to parameter of type 'CalculatePriceInput'.
  Type '{ pickupAreaId: string; dropAreaId: string; length: number; width: number; height: number; actualWeight: number; orderType: "B2C"; paymentType: "COD"; }' is missing the following properties from type 'CalculatePriceInput': pickupLatitude, pickupLongitude, dropLatitude, dropLongitude
src/modules/pricing/pricing.service.test.ts(252,53): error TS2345: Argument of type '{ pickupAreaId: string; dropAreaId: string; length: number; width: number; height: number; actualWeight: number; orderType: "B2B"; paymentType: "PREPAID"; }' is not assignable to parameter of type 'CalculatePriceInput'.
  Type '{ pickupAreaId: string; dropAreaId: string; length: number; width: number; height: number; actualWeight: number; orderType: "B2B"; paymentType: "PREPAID"; }' is missing the following properties from type 'CalculatePriceInput': pickupLatitude, pickupLongitude, dropLatitude, dropLongitude
src/modules/pricing/pricing.service.test.ts(280,53): error TS2345: Argument of type '{ pickupAreaId: string; dropAreaId: string; length: number; width: number; height: number; actualWeight: number; orderType: "B2B"; paymentType: "PREPAID"; }' is not assignable to parameter of type 'CalculatePriceInput'.
  Type '{ pickupAreaId: string; dropAreaId: string; length: number; width: number; height: number; actualWeight: number; orderType: "B2B"; paymentType: "PREPAID"; }' is missing the following properties from type 'CalculatePriceInput': pickupLatitude, pickupLongitude, dropLatitude, dropLongitude
src/modules/pricing/pricing.service.test.ts(304,34): error TS2345: Argument of type '{ pickupAreaId: string; dropAreaId: string; length: number; width: number; height: number; actualWeight: number; orderType: "B2B"; paymentType: "PREPAID"; }' is not assignable to parameter of type 'CalculatePriceInput'.
  Type '{ pickupAreaId: string; dropAreaId: string; length: number; width: number; height: number; actualWeight: number; orderType: "B2B"; paymentType: "PREPAID"; }' is missing the following properties from type 'CalculatePriceInput': pickupLatitude, pickupLongitude, dropLatitude, dropLongitude
src/modules/pricing/pricing.service.test.ts(321,34): error TS2345: Argument of type '{ pickupAreaId: string; dropAreaId: string; length: number; width: number; height: number; actualWeight: number; orderType: "B2C"; paymentType: "COD"; }' is not assignable to parameter of type 'CalculatePriceInput'.
  Type '{ pickupAreaId: string; dropAreaId: string; length: number; width: number; height: number; actualWeight: number; orderType: "B2C"; paymentType: "COD"; }' is missing the following properties from type 'CalculatePriceInput': pickupLatitude, pickupLongitude, dropLatitude, dropLongitude
src/modules/pricing/pricing.service.test.ts(339,34): error TS2345: Argument of type '{ pickupAreaId: string; dropAreaId: string; length: number; width: number; height: number; actualWeight: number; orderType: "B2B"; paymentType: "PREPAID"; }' is not assignable to parameter of type 'CalculatePriceInput'.
  Type '{ pickupAreaId: string; dropAreaId: string; length: number; width: number; height: number; actualWeight: number; orderType: "B2B"; paymentType: "PREPAID"; }' is missing the following properties from type 'CalculatePriceInput': pickupLatitude, pickupLongitude, dropLatitude, dropLongitude
